 ⚠ You are using a non-standard "NODE_ENV" value in your environment. This creates inconsistencies in the project and is strongly advised against. Read more: https://nextjs.org/docs/messages/non-standard-node-env
 ⚠ Warning: Next.js inferred your workspace root, but it may not be correct.
 We detected multiple lockfiles and selected the directory of C:\Users\Chairi\package-lock.json as the root directory.
 To silence this warning, set `outputFileTracingRoot` in your Next.js config, or consider removing one of the lockfiles if it's not needed.
   See https://nextjs.org/docs/app/api-reference/config/next-config-js/output#caveats for more information.
 Detected additional lockfiles: 
   * C:\Users\Chairi\tht\beldify-frontend\package-lock.json

   ▲ Next.js 15.5.2
   - Environments: .env.production
   - Experiments (use with caution):
     · optimizePackageImports

   Creating an optimized production build ...
 ✓ Compiled successfully in 39.8s
   Skipping validation of types
   Skipping linting
   Collecting page data ...
   Generating static pages (0/59) ...
Error: <Html> should not be imported outside of pages/_document.
Read more: https://nextjs.org/docs/messages/no-document-import-in-page
    at x (C:\Users\Chairi\tht\beldify-frontend\.next\server\chunks\5611.js:6:1351)
Error occurred prerendering page "/500". Read more: https://nextjs.org/docs/messages/prerender-error
Error: <Html> should not be imported outside of pages/_document.
Read more: https://nextjs.org/docs/messages/no-document-import-in-page
    at x (C:\Users\Chairi\tht\beldify-frontend\.next\server\chunks\5611.js:6:1351)
Export encountered an error on /_error: /500, exiting the build.
 ⨯ Next.js build worker exited with code: 1 and signal: null
